Hitachi Optimizing Linkage Editor (Ver. 7.1.03.000)04-May-2016 23:42:48

*** Options ***

-subcommand=C:\Users\TAKER~1.TIM\AppData\Local\Temp\hmkA1DE.tmp
noprelink
sdebug
rom D=R
nomessage
list "X:\Projects\DerKemie\Debug\FXADDINror.map"
show symbol
nooptimize
start P_TOP,P,C,D,C$VTBL,C$INIT/0300200,B_BR_Size,B,R/08100000
fsymbol P
nologo
input "X:\Projects\DerKemie\Debug\Kemie.obj"
input "X:\CASIO\fx-9860G SDK\OS\FX\lib\setup.obj"
library "X:\CASIO\fx-9860G SDK\OS\FX\lib\fx9860G_library.lib"
output "X:\Projects\DerKemie\Debug\FXADDINror.abs"
-nomessage=1100
end

*** Error information ***

*** Mapping List ***

SECTION                            START      END         SIZE   ALIGN

P_TOP
                                  00300200  0030020b         c   4
P
                                  0030020c  00300787       57c   4
C
                                  00300788  003007ab        24   4
D
                                  003007ac  003007af         4   4
B_BR_Size
                                  08100000  08100003         4   4
B
                                  08100004  08100007         4   4
R
                                  08100008  0810000b         4   4

*** Symbol List ***

SECTION=
FILE=                               START        END    SIZE
  SYMBOL                            ADDR        SIZE    INFO      COUNTS  OPT

SECTION=P_TOP
FILE=X:\Projects\DerKemie\Debug\Kemie.obj
                                  00300200  0030020b         c
  _InitializeSystem
                                  00300200         c   func ,g         * 

SECTION=P
FILE=X:\Projects\DerKemie\Debug\Kemie.obj
                                  0030020c  0030036f       164
  _AddIn_main
                                  0030020c        10   func ,g         * 
  _render
                                  0030021c       154   func ,g         * 
FILE=X:\CASIO\fx-9860G SDK\OS\FX\lib\setup.obj
                                  00300370  0030048b       11c
  ___LINK_PROTECT
                                  00300370         4   func ,g         * 
  _SetQuitHandler
                                  00300374         6   func ,g         * 
  _OnAppCloseDefault
                                  0030037a        54   func ,g         * 
  __INITSCT_ADDIN
                                  003003ce        48   func ,g         * 
  _INIT_ADDIN_APPLICATION
                                  00300416        76   func ,g         * 
FILE=_Bdel_cychdr
                                  0030048c  0030049b        10
  _Bdel_cychdr
                                  0030048c         0   none ,g         * 
FILE=_Bdisp_AllClr_DDVRAM
                                  0030049c  003004ab        10
  _Bdisp_AllClr_DDVRAM
                                  0030049c         0   none ,g         * 
FILE=_Bdisp_SetPoint_VRAM
                                  003004ac  003004bb        10
  _Bdisp_SetPoint_VRAM
                                  003004ac         0   none ,g         * 
FILE=_BfileFLS_CloseFile
                                  003004bc  003004cb        10
  _BfileFLS_CloseFile
                                  003004bc         0   none ,g         * 
FILE=_Bkey_Set_RepeatTime_Default
                                  003004cc  003004db        10
  _Bkey_Set_RepeatTime_Default
                                  003004cc         0   none ,g         * 
FILE=_CallbackAtQuitMainFunction
                                  003004dc  003004eb        10
  _CallbackAtQuitMainFunction
                                  003004dc         0   none ,g         * 
FILE=_flsFindClose
                                  003004ec  003004fb        10
  _flsFindClose
                                  003004ec         0   none ,g         * 
FILE=_getkey
                                  003004fc  0030050b        10
  _GetKey
                                  003004fc         0   none ,g         * 
FILE=_GLibAddinAplExecutionCheck
                                  0030050c  0030051b        10
  _GLibAddinAplExecutionCheck
                                  0030050c         0   none ,g         * 
FILE=_Hmem_SetMMU
                                  0030051c  0030052b        10
  _Hmem_SetMMU
                                  0030051c         0   none ,g         * 
FILE=dispbios
                                  0030052c  003006a1       176
  _PrintMini
                                  0030052c        1c   func ,g         * 
  _locate
                                  00300548        28   func ,g         * 
  _Bdisp_ReadArea_DD
                                  00300570       132   func ,g         * 
FILE=__divls
                                  003006a4  00300757        b4
  __divls
                                  003006a4         0   none ,g         * 
  divls_zero
                                  00300742         0   none ,l         * 
  A_errno
                                  00300750         0   none ,l         * 
  n_zerono
                                  00300754         0   none ,l         * 
FILE=_DD_GET
                                  00300758  00300767        10
  _DD_GET
                                  00300758         0   none ,g         * 
FILE=_locate
                                  00300768  00300777        10
  _locate_OS
                                  00300768         0   none ,g         * 
FILE=_PrintMiniSd
                                  00300778  00300787        10
  _PrintMiniSd
                                  00300778         0   none ,g         * 

SECTION=C
FILE=addin_sct
                                  00300798  003007ab        14
  _B_BGN
                                  00300798         0   none ,g         * 
  _B_END
                                  0030079c         0   none ,g         * 
  _R_BGN
                                  003007a0         0   none ,g         * 
  _R_END
                                  003007a4         0   none ,g         * 
  _D_ROM
                                  003007a8         0   none ,g         * 

SECTION=B_BR_Size
FILE=X:\Projects\DerKemie\Debug\Kemie.obj
                                  08100000  08100003         4
  _BR_Size
                                  08100000         4   data ,g         * 

SECTION=B
FILE=_errno
                                  08100004  08100007         4
  __errno
                                  08100004         4   data ,g         * 

SECTION=R
FILE=X:\CASIO\fx-9860G SDK\OS\FX\lib\setup.obj
                                  08100008  0810000b         4
  _gb_OnAppClose
                                  08100008         4   data ,g         * 

Absolute value symbols
FILE=_Bdel_cychdr
  __JumpTableTOP
                                  80010070         0   none ,l         * 
FILE=_Bdisp_AllClr_DDVRAM
  __JumpTableTOP
                                  80010070         0   none ,l         * 
FILE=_Bdisp_SetPoint_VRAM
  __JumpTableTOP
                                  80010070         0   none ,l         * 
FILE=_BfileFLS_CloseFile
  __JumpTableTOP
                                  80010070         0   none ,l         * 
FILE=_Bkey_Set_RepeatTime_Default
  __JumpTableTOP
                                  80010070         0   none ,l         * 
FILE=_CallbackAtQuitMainFunction
  __JumpTableTOP
                                  80010070         0   none ,l         * 
FILE=_flsFindClose
  __JumpTableTOP
                                  80010070         0   none ,l         * 
FILE=_getkey
  __JumpTableTOP
                                  80010070         0   none ,l         * 
FILE=_GLibAddinAplExecutionCheck
  __JumpTableTOP
                                  80010070         0   none ,l         * 
FILE=_Hmem_SetMMU
  __JumpTableTOP
                                  80010070         0   none ,l         * 
FILE=__divls
  zerodiv
                                  0000044e         0   none ,l         * 
FILE=_DD_GET
  __JumpTableTOP
                                  80010070         0   none ,l         * 
FILE=_locate
  __JumpTableTOP
                                  80010070         0   none ,l         * 
FILE=_PrintMiniSd
  __JumpTableTOP
                                  80010070         0   none ,l         * 

*** Delete Symbols ***

SYMBOL                                SIZE    INFO

*** Variable Accessible with Abs8 ***

SYMBOL                                SIZE    COUNTS  OPTIMIZE

*** Variable Accessible with Abs16 ***

SYMBOL                                SIZE    COUNTS  OPTIMIZE

*** Function Call ***

SYMBOL                              COUNTS  OPTIMIZE
