SH SERIES C/C++ Compiler (Ver. 6.0C)                                                                 04-May-2016 23:42:48  PAGE    1

************ OBJECT LISTING ************

FILE NAME: X:\Projects\DerKemie\Kemie.c

SCT OFFSET   CODE       C LABEL     INSTRUCTION OPERAND    COMMENT

         Kemie.c     1    #include "fxlib.h"
         Kemie.c     2    
         Kemie.c     3    int AddIn_main(int isAppli, unsigned short OptionNum)
P   00000000              _AddIn_main:                     ; function: AddIn_main
                                                           ; frame size=4
    00000000 7FFC                   ADD         #-4,R15
         Kemie.c     4    {
         Kemie.c     5            unsigned int key;
         Kemie.c     6    
         Kemie.c     7            render();
    00000002 B005                   BSR         _render
    00000004 0009                   NOP
    00000006 DE50                   MOV.L       L327,R14   ; _GetKey
         Kemie.c     8            
         Kemie.c     9            while(1)
    00000008              L320:                             
         Kemie.c    10            {
         Kemie.c    11                    GetKey(&key);
    00000008 4E0B                   JSR         @R14
    0000000A 64F3                   MOV         R15,R4
    0000000C AFFC                   BRA         L320
    0000000E 0009                   NOP
         Kemie.c    12            }
         Kemie.c    13    
         Kemie.c    14            return 1;
         Kemie.c    15    }
         Kemie.c    16    
         Kemie.c    17    int render()
    00000010              _render:                         ; function: render
                                                           ; frame size=36
    00000010 2FE6                   MOV.L       R14,@-R15
    00000012 2FD6                   MOV.L       R13,@-R15
    00000014 2FC6                   MOV.L       R12,@-R15
    00000016 2FB6                   MOV.L       R11,@-R15
    00000018 2FA6                   MOV.L       R10,@-R15
    0000001A 2F96                   MOV.L       R9,@-R15
    0000001C 2F86                   MOV.L       R8,@-R15
    0000001E 4F22                   STS.L       PR,@-R15
         Kemie.c    18    {
         Kemie.c    19            int i;
         Kemie.c    20            
         Kemie.c    21            Bdisp_AllClr_DDVRAM();
    00000020 D34A                   MOV.L       L327+4,R3  ; _Bdisp_AllClr_DDVRAM
    00000022 7FFC                   ADD         #-4,R15
    00000024 430B                   JSR         @R3
    00000026 0009                   NOP
         Kemie.c    22            for(i = 0; i < 64; i++) Bdisp_SetPoint_VRAM(21, i, 1);
    00000028 DE49                   MOV.L       L327+8,R14 ; _Bdisp_SetPoint_VRAM
    0000002A EC40                   MOV         #64,R12
    0000002C EA00                   MOV         #0,R10
    0000002E 6DA3                   MOV         R10,R13
    00000030              L322:                             
    00000030 E601                   MOV         #1,R6
    00000032 65D3                   MOV         R13,R5




SH SERIES C/C++ Compiler (Ver. 6.0C)                                                                 04-May-2016 23:42:48  PAGE    2


SCT OFFSET   CODE       C LABEL     INSTRUCTION OPERAND    COMMENT

    00000034 4E0B                   JSR         @R14
    00000036 E415                   MOV         #21,R4
    00000038 7D01                   ADD         #1,R13
    0000003A 3DC3                   CMP/GE      R12,R13
    0000003C 8BF8                   BF          L322
         Kemie.c    23            for(i = 0; i < 22; i++) 
    0000003E EC16                   MOV         #22,R12
    00000040 6DA3                   MOV         R10,R13
    00000042              L323:                             
         Kemie.c    24            {
         Kemie.c    25                    Bdisp_SetPoint_VRAM(i, 0, 1);
    00000042 E601                   MOV         #1,R6
    00000044 E500                   MOV         #0,R5
    00000046 4E0B                   JSR         @R14
    00000048 64D3                   MOV         R13,R4
         Kemie.c    26                    Bdisp_SetPoint_VRAM(i, 21, 1);
    0000004A E601                   MOV         #1,R6
    0000004C E515                   MOV         #21,R5
    0000004E 4E0B                   JSR         @R14
    00000050 64D3                   MOV         R13,R4
         Kemie.c    27                    Bdisp_SetPoint_VRAM(i, 42, 1);
    00000052 E601                   MOV         #1,R6
    00000054 E52A                   MOV         #42,R5
    00000056 4E0B                   JSR         @R14
    00000058 64D3                   MOV         R13,R4
         Kemie.c    28                    Bdisp_SetPoint_VRAM(i, 63, 1);
    0000005A E601                   MOV         #1,R6
    0000005C E53F                   MOV         #63,R5
    0000005E 4E0B                   JSR         @R14
    00000060 64D3                   MOV         R13,R4
    00000062 7D01                   ADD         #1,R13
    00000064 3DC3                   CMP/GE      R12,R13
    00000066 8BEC                   BF          L323
         Kemie.c    29            }
         Kemie.c    30            
         Kemie.c    31            PrintMini(1, 8, "N,O,F", 0);
    00000068 DD3A                   MOV.L       L327+12,R13; _PrintMini
    0000006A E700                   MOV         #0,R7
    0000006C D63A                   MOV.L       L327+16,R6 ; L307
    0000006E E508                   MOV         #8,R5
    00000070 4D0B                   JSR         @R13
    00000072 E401                   MOV         #1,R4
         Kemie.c    32            PrintMini(5, 30, "NA", 0); PrintMini(15, 28, "+", 0);
    00000074 D639                   MOV.L       L327+20,R6 ; L308
    00000076 E51E                   MOV         #30,R5
    00000078 E700                   MOV         #0,R7
    0000007A 4D0B                   JSR         @R13
    0000007C E405                   MOV         #5,R4
    0000007E E700                   MOV         #0,R7
    00000080 D637                   MOV.L       L327+24,R6 ; L309
    00000082 E51C                   MOV         #28,R5
    00000084 4D0B                   JSR         @R13
    00000086 E40F                   MOV         #15,R4
         Kemie.c    33            for(i = 0; i < 7; i++) Bdisp_SetPoint_VRAM(7 + i, 60, 1);
    00000088 6CA3                   MOV         R10,R12
    0000008A EB07                   MOV         #7,R11
    0000008C 6DB3                   MOV         R11,R13




SH SERIES C/C++ Compiler (Ver. 6.0C)                                                                 04-May-2016 23:42:48  PAGE    3


SCT OFFSET   CODE       C LABEL     INSTRUCTION OPERAND    COMMENT

    0000008E              L324:                             
    0000008E E601                   MOV         #1,R6
    00000090 E53C                   MOV         #60,R5
    00000092 4E0B                   JSR         @R14
    00000094 64D3                   MOV         R13,R4
    00000096 7C01                   ADD         #1,R12
    00000098 3CB3                   CMP/GE      R11,R12
    0000009A 8FF8                   BF/S        L324
    0000009C 7D01                   ADD         #1,R13
         Kemie.c    34            for(i = 0; i < 3; i++)
    0000009E 69A3                   MOV         R10,R9
    000000A0 EC10                   MOV         #16,R12
    000000A2 EB04                   MOV         #4,R11
    000000A4 E803                   MOV         #3,R8
    000000A6 6DA3                   MOV         R10,R13
    000000A8              L325:                             
         Kemie.c    35            {
         Kemie.c    36                    Bdisp_SetPoint_VRAM(4 + i, 54 + 2 * i, 1);
    000000A8 E601                   MOV         #1,R6
    000000AA 6AD3                   MOV         R13,R10
    000000AC 7A36                   ADD         #54,R10
    000000AE 65A3                   MOV         R10,R5
    000000B0 4E0B                   JSR         @R14
    000000B2 64B3                   MOV         R11,R4
         Kemie.c    37                    Bdisp_SetPoint_VRAM(4 + i, 55 + 2 * i, 1);
    000000B4 E601                   MOV         #1,R6
    000000B6 65D3                   MOV         R13,R5
    000000B8 7537                   ADD         #55,R5
    000000BA 2F52                   MOV.L       R5,@R15
    000000BC 4E0B                   JSR         @R14
    000000BE 64B3                   MOV         R11,R4
         Kemie.c    38                    Bdisp_SetPoint_VRAM(16 - i, 54 + 2 * i, 1);
    000000C0 E601                   MOV         #1,R6
    000000C2 65A3                   MOV         R10,R5
    000000C4 4E0B                   JSR         @R14
    000000C6 64C3                   MOV         R12,R4
         Kemie.c    39                    Bdisp_SetPoint_VRAM(16 - i, 55 + 2 * i, 1);
    000000C8 65F2                   MOV.L       @R15,R5
    000000CA E601                   MOV         #1,R6
    000000CC 4E0B                   JSR         @R14
    000000CE 64C3                   MOV         R12,R4
    000000D0 7901                   ADD         #1,R9
    000000D2 7CFF                   ADD         #-1,R12
    000000D4 7B01                   ADD         #1,R11
    000000D6 3983                   CMP/GE      R8,R9
    000000D8 8FE6                   BF/S        L325
    000000DA 7D02                   ADD         #2,R13
         Kemie.c    40            }
         Kemie.c    41            Bdisp_SetPoint_VRAM(5, 53, 1); Bdisp_SetPoint_VRAM(6, 53, 1); Bdisp_SetPoint_VRAM(14, 53, 1); Bdis
                         +p_SetPoint_VRAM(15, 53, 1);
    000000DC E601                   MOV         #1,R6
    000000DE E535                   MOV         #53,R5
    000000E0 4E0B                   JSR         @R14
    000000E2 E405                   MOV         #5,R4
    000000E4 E601                   MOV         #1,R6
    000000E6 E535                   MOV         #53,R5
    000000E8 4E0B                   JSR         @R14




SH SERIES C/C++ Compiler (Ver. 6.0C)                                                                 04-May-2016 23:42:48  PAGE    4


SCT OFFSET   CODE       C LABEL     INSTRUCTION OPERAND    COMMENT

    000000EA E406                   MOV         #6,R4
    000000EC E601                   MOV         #1,R6
    000000EE E535                   MOV         #53,R5
    000000F0 4E0B                   JSR         @R14
    000000F2 E40E                   MOV         #14,R4
    000000F4 E601                   MOV         #1,R6
    000000F6 E535                   MOV         #53,R5
    000000F8 4E0B                   JSR         @R14
    000000FA E40F                   MOV         #15,R4
         Kemie.c    42            Bdisp_SetPoint_VRAM(7, 52, 1); Bdisp_SetPoint_VRAM(13, 52, 1);
    000000FC E601                   MOV         #1,R6
    000000FE E534                   MOV         #52,R5
    00000100 4E0B                   JSR         @R14
    00000102 E407                   MOV         #7,R4
    00000104 E601                   MOV         #1,R6
    00000106 E534                   MOV         #52,R5
    00000108 4E0B                   JSR         @R14
    0000010A E40D                   MOV         #13,R4
         Kemie.c    43            Bdisp_SetPoint_VRAM(8, 51, 1); Bdisp_SetPoint_VRAM(9, 51, 1); Bdisp_SetPoint_VRAM(11, 51, 1); Bdis
                         +p_SetPoint_VRAM(12, 51, 1);
    0000010C E601                   MOV         #1,R6
    0000010E E533                   MOV         #51,R5
    00000110 4E0B                   JSR         @R14
    00000112 E408                   MOV         #8,R4
    00000114 E601                   MOV         #1,R6
    00000116 E533                   MOV         #51,R5
    00000118 4E0B                   JSR         @R14
    0000011A E409                   MOV         #9,R4
    0000011C E601                   MOV         #1,R6
    0000011E E533                   MOV         #51,R5
    00000120 4E0B                   JSR         @R14
    00000122 E40B                   MOV         #11,R4
    00000124 E601                   MOV         #1,R6
    00000126 E533                   MOV         #51,R5
    00000128 4E0B                   JSR         @R14
    0000012A E40C                   MOV         #12,R4
         Kemie.c    44            Bdisp_SetPoint_VRAM(10, 50, 1);
    0000012C E601                   MOV         #1,R6
    0000012E E532                   MOV         #50,R5
    00000130 4E0B                   JSR         @R14
    00000132 E40A                   MOV         #10,R4
         Kemie.c    45    }
    00000134 7F04                   ADD         #4,R15
    00000136 4F26                   LDS.L       @R15+,PR
    00000138 68F6                   MOV.L       @R15+,R8
    0000013A 69F6                   MOV.L       @R15+,R9
    0000013C 6AF6                   MOV.L       @R15+,R10
    0000013E 6BF6                   MOV.L       @R15+,R11
    00000140 6CF6                   MOV.L       @R15+,R12
    00000142 6DF6                   MOV.L       @R15+,R13
    00000144 000B                   RTS
    00000146 6EF6                   MOV.L       @R15+,R14
    00000148              L327:                             
    00000148 <00000000>             .DATA.L     _GetKey
    0000014C <00000000>             .DATA.L     _Bdisp_AllClr_DDVRAM
    00000150 <00000000>             .DATA.L     _Bdisp_SetPoint_VRAM
    00000154 <00000000>             .DATA.L     _PrintMini




SH SERIES C/C++ Compiler (Ver. 6.0C)                                                                 04-May-2016 23:42:48  PAGE    5


SCT OFFSET   CODE       C LABEL     INSTRUCTION OPERAND    COMMENT

    00000158 <00000000>             .DATA.L     L307
    0000015C <00000000>             .DATA.L     L308
    00000160 <00000000>             .DATA.L     L309
         Kemie.c    46    
         Kemie.c    47    #pragma section _BR_Size
         Kemie.c    48    unsigned long BR_Size;
         Kemie.c    49    #pragma section
         Kemie.c    50    
         Kemie.c    51    
         Kemie.c    52    #pragma section _TOP
         Kemie.c    53    int InitializeSystem(int isAppli, unsigned short OptionNum)
P_T 00000000              _InitializeSystem:               ; function: InitializeSystem
                                                           ; frame size=0
         Kemie.c    54    {
         Kemie.c    55        return INIT_ADDIN_APPLICATION(isAppli, OptionNum);
    00000000 D301                   MOV.L       L328+2,R3  ; _INIT_ADDIN_APPLICATION
    00000002 432B                   JMP         @R3
    00000004 0009                   NOP
    00000006              L328:                             
    00000006 0000                   .DATA.W     0
    00000008 <00000000>             .DATA.L     _INIT_ADDIN_APPLICATION
         Kemie.c    56    }
         Kemie.c    57    #pragma section
C   00000000              L307:
    00000000 4E2C4F2C46             .SDATA      "N,O,F"
    00000005 00                     .DATA.B     H'00
    00000006 00000002               .RES.W      1
    00000008              L308:
    00000008 4E41                   .SDATA      "NA"
    0000000A 00                     .DATA.B     H'00
    0000000B 00000001               .RES.B      1
    0000000C              L309:
    0000000C 2B                     .SDATA      "+"
    0000000D 00                     .DATA.B     H'00
B_B 00000000              _BR_Size:                        ; static: BR_Size
    00000000 00000004               .RES.L      1

























SH SERIES C/C++ Compiler (Ver. 6.0C)                                                                 04-May-2016 23:42:48  PAGE    1


******** STATISTICS INFORMATION ********


********** ERROR INFORMATION ***********

NUMBER OF ERRORS:           0
NUMBER OF WARNINGS:         3




******* SOURCE LINE INFORMATION ********

COMPILED SOURCE LINE:       57



******* SECTION SIZE INFORMATION *******

PROGRAM  SECTION (P):                               00000164 Byte(s)
PROGRAM  SECTION (P_BR_Size):                       00000000 Byte(s)
PROGRAM  SECTION (P_TOP):                           0000000C Byte(s)
CONSTANT SECTION (C):                               0000000E Byte(s)
CONSTANT SECTION (C_BR_Size):                       00000000 Byte(s)
CONSTANT SECTION (C_TOP):                           00000000 Byte(s)
DATA     SECTION (D):                               00000000 Byte(s)
DATA     SECTION (D_BR_Size):                       00000000 Byte(s)
DATA     SECTION (D_TOP):                           00000000 Byte(s)
BSS      SECTION (B):                               00000000 Byte(s)
BSS      SECTION (B_BR_Size):                       00000004 Byte(s)
BSS      SECTION (B_TOP):                           00000000 Byte(s)

 TOTAL PROGRAM SIZE: 00000182 Byte(s)



********** LABEL INFORMATION ***********

NUMBER OF EXTERNAL REFERENCE SYMBOLS:            5
NUMBER OF EXTERNAL DEFINITION SYMBOLS:           4
NUMBER OF INTERNAL/EXTERNAL SYMBOLS:            19






















*** COMMAND PARAMETER ***


  -subcommand=C:\Users\TAKER~1.TIM\AppData\Local\Temp\hmkA0C5.tmp 

